
> frontend@0.0.0 test
> jest --watchAll=false App.test.jsx

  console.warn
    react-i18next:: useTranslation: You will need to pass in an i18next instance by using initReactI18next { code: 'NO_I18NEXT_INSTANCE' }

    [0m [90m  7 |[39m     [36mconst[39m [user[33m,[39m setUser] [33m=[39m useState([36mnull[39m)[33m;[39m
     [90m  8 |[39m     [36mconst[39m [loading[33m,[39m setLoading] [33m=[39m useState([36mtrue[39m)[33m;[39m
    [31m[1m>[22m[39m[90m  9 |[39m     [36mconst[39m { i18n } [33m=[39m useTranslation()[33m;[39m
     [90m    |[39m                                    [31m[1m^[22m[39m
     [90m 10 |[39m
     [90m 11 |[39m     useEffect(() [33m=>[39m {
     [90m 12 |[39m         [90m// Check if user is logged in on mount[39m[0m

      at warn (node_modules/react-i18next/dist/commonjs/utils.js:19:13)
      at warn (node_modules/react-i18next/dist/commonjs/utils.js:27:3)
      at useTranslation (node_modules/react-i18next/dist/commonjs/useTranslation.js:32:24)
      at AuthProvider (src/context/AuthContext.jsx:9:36)
      at Object.react_stack_bottom_frame (node_modules/react-dom/cjs/react-dom-client.development.js:25904:20)
      at renderWithHooks (node_modules/react-dom/cjs/react-dom-client.development.js:7662:22)
      at updateFunctionComponent (node_modules/react-dom/cjs/react-dom-client.development.js:10166:19)
      at beginWork (node_modules/react-dom/cjs/react-dom-client.development.js:11778:18)
      at runWithFiberInDEV (node_modules/react-dom/cjs/react-dom-client.development.js:874:13)
      at performUnitOfWork (node_modules/react-dom/cjs/react-dom-client.development.js:17641:22)
      at workLoopSync (node_modules/react-dom/cjs/react-dom-client.development.js:17469:41)
      at renderRootSync (node_modules/react-dom/cjs/react-dom-client.development.js:17450:11)
      at performWorkOnRoot (node_modules/react-dom/cjs/react-dom-client.development.js:16504:11)
      at performWorkOnRootViaSchedulerTask (node_modules/react-dom/cjs/react-dom-client.development.js:18957:7)
      at flushActQueue (node_modules/react/cjs/react.development.js:590:34)
      at Object.<anonymous>.process.env.NODE_ENV.exports.act (node_modules/react/cjs/react.development.js:884:10)
      at node_modules/@testing-library/react/dist/act-compat.js:46:25
      at renderRoot (node_modules/@testing-library/react/dist/pure.js:189:26)
      at render (node_modules/@testing-library/react/dist/pure.js:291:10)
      at Object.<anonymous> (src/App.test.jsx:10:15)

  console.error
    <Mail /> is using incorrect casing. Use PascalCase for React components, or lowercase for HTML elements.

    [0m [90m  8 |[39m     it([32m'renders without crashing'[39m[33m,[39m () [33m=>[39m {
     [90m  9 |[39m         [90m// Smoke test: verifica que el componente principal monta sin lanzar errores[39m
    [31m[1m>[22m[39m[90m 10 |[39m         render(
     [90m    |[39m               [31m[1m^[22m[39m
     [90m 11 |[39m             [33m<[39m[33mBrowserRouter[39m[33m>[39m
     [90m 12 |[39m                 [33m<[39m[33mAuthProvider[39m[33m>[39m
     [90m 13 |[39m                     [33m<[39m[33mApp[39m [33m/[39m[33m>[39m[0m

      at completeWork (node_modules/react-dom/cjs/react-dom-client.development.js:12613:37)
      at runWithFiberInDEV (node_modules/react-dom/cjs/react-dom-client.development.js:874:13)
      at completeUnitOfWork (node_modules/react-dom/cjs/react-dom-client.development.js:17777:19)
      at performUnitOfWork (node_modules/react-dom/cjs/react-dom-client.development.js:17658:11)
      at workLoopSync (node_modules/react-dom/cjs/react-dom-client.development.js:17469:41)
      at renderRootConcurrent (node_modules/react-dom/cjs/react-dom-client.development.js:17616:15)
      at performWorkOnRoot (node_modules/react-dom/cjs/react-dom-client.development.js:16503:11)
      at performWorkOnRootViaSchedulerTask (node_modules/react-dom/cjs/react-dom-client.development.js:18957:7)
      at flushActQueue (node_modules/react/cjs/react.development.js:590:34)
      at Object.<anonymous>.process.env.NODE_ENV.exports.act (node_modules/react/cjs/react.development.js:884:10)
      at node_modules/@testing-library/react/dist/act-compat.js:46:25
      at renderRoot (node_modules/@testing-library/react/dist/pure.js:189:26)
      at render (node_modules/@testing-library/react/dist/pure.js:291:10)
      at Object.<anonymous> (src/App.test.jsx:10:15)

  console.error
    The tag <Mail> is unrecognized in this browser. If you meant to render a React component, start its name with an uppercase letter.

    [0m [90m  8 |[39m     it([32m'renders without crashing'[39m[33m,[39m () [33m=>[39m {
     [90m  9 |[39m         [90m// Smoke test: verifica que el componente principal monta sin lanzar errores[39m
    [31m[1m>[22m[39m[90m 10 |[39m         render(
     [90m    |[39m               [31m[1m^[22m[39m
     [90m 11 |[39m             [33m<[39m[33mBrowserRouter[39m[33m>[39m
     [90m 12 |[39m                 [33m<[39m[33mAuthProvider[39m[33m>[39m
     [90m 13 |[39m                     [33m<[39m[33mApp[39m [33m/[39m[33m>[39m[0m

      at completeWork (node_modules/react-dom/cjs/react-dom-client.development.js:12621:37)
      at runWithFiberInDEV (node_modules/react-dom/cjs/react-dom-client.development.js:874:13)
      at completeUnitOfWork (node_modules/react-dom/cjs/react-dom-client.development.js:17777:19)
      at performUnitOfWork (node_modules/react-dom/cjs/react-dom-client.development.js:17658:11)
      at workLoopSync (node_modules/react-dom/cjs/react-dom-client.development.js:17469:41)
      at renderRootConcurrent (node_modules/react-dom/cjs/react-dom-client.development.js:17616:15)
      at performWorkOnRoot (node_modules/react-dom/cjs/react-dom-client.development.js:16503:11)
      at performWorkOnRootViaSchedulerTask (node_modules/react-dom/cjs/react-dom-client.development.js:18957:7)
      at flushActQueue (node_modules/react/cjs/react.development.js:590:34)
      at Object.<anonymous>.process.env.NODE_ENV.exports.act (node_modules/react/cjs/react.development.js:884:10)
      at node_modules/@testing-library/react/dist/act-compat.js:46:25
      at renderRoot (node_modules/@testing-library/react/dist/pure.js:189:26)
      at render (node_modules/@testing-library/react/dist/pure.js:291:10)
      at Object.<anonymous> (src/App.test.jsx:10:15)

  console.error
    <Mail /> is using incorrect casing. Use PascalCase for React components, or lowercase for HTML elements.

    [0m [90m  8 |[39m     it([32m'renders without crashing'[39m[33m,[39m () [33m=>[39m {
     [90m  9 |[39m         [90m// Smoke test: verifica que el componente principal monta sin lanzar errores[39m
    [31m[1m>[22m[39m[90m 10 |[39m         render(
     [90m    |[39m               [31m[1m^[22m[39m
     [90m 11 |[39m             [33m<[39m[33mBrowserRouter[39m[33m>[39m
     [90m 12 |[39m                 [33m<[39m[33mAuthProvider[39m[33m>[39m
     [90m 13 |[39m                     [33m<[39m[33mApp[39m [33m/[39m[33m>[39m[0m

      at completeWork (node_modules/react-dom/cjs/react-dom-client.development.js:12613:37)
      at runWithFiberInDEV (node_modules/react-dom/cjs/react-dom-client.development.js:874:13)
      at completeUnitOfWork (node_modules/react-dom/cjs/react-dom-client.development.js:17777:19)
      at performUnitOfWork (node_modules/react-dom/cjs/react-dom-client.development.js:17658:11)
      at workLoopSync (node_modules/react-dom/cjs/react-dom-client.development.js:17469:41)
      at renderRootSync (node_modules/react-dom/cjs/react-dom-client.development.js:17450:11)
      at performWorkOnRoot (node_modules/react-dom/cjs/react-dom-client.development.js:16583:35)
      at performWorkOnRootViaSchedulerTask (node_modules/react-dom/cjs/react-dom-client.development.js:18957:7)
      at flushActQueue (node_modules/react/cjs/react.development.js:590:34)
      at Object.<anonymous>.process.env.NODE_ENV.exports.act (node_modules/react/cjs/react.development.js:884:10)
      at node_modules/@testing-library/react/dist/act-compat.js:46:25
      at renderRoot (node_modules/@testing-library/react/dist/pure.js:189:26)
      at render (node_modules/@testing-library/react/dist/pure.js:291:10)
      at Object.<anonymous> (src/App.test.jsx:10:15)

FAIL src/App.test.jsx
  App
    × renders without crashing (282 ms)

  ● App › renders without crashing

    Element type is invalid: expected a string (for built-in components) or a class/function (for composite components) but got: undefined. You likely forgot to export your component from the file it's defined in, or you might have mixed up default and named imports.

    Check the render method of `InputField`.

    [0m [90m  8 |[39m     it([32m'renders without crashing'[39m[33m,[39m () [33m=>[39m {
     [90m  9 |[39m         [90m// Smoke test: verifica que el componente principal monta sin lanzar errores[39m
    [31m[1m>[22m[39m[90m 10 |[39m         render(
     [90m    |[39m               [31m[1m^[22m[39m
     [90m 11 |[39m             [33m<[39m[33mBrowserRouter[39m[33m>[39m
     [90m 12 |[39m                 [33m<[39m[33mAuthProvider[39m[33m>[39m
     [90m 13 |[39m                     [33m<[39m[33mApp[39m [33m/[39m[33m>[39m[0m

      at createFiberFromTypeAndProps (node_modules/react-dom/cjs/react-dom-client.development.js:5021:28)
      at createFiberFromElement (node_modules/react-dom/cjs/react-dom-client.development.js:5035:14)
      at reconcileChildFibersImpl (node_modules/react-dom/cjs/react-dom-client.development.js:6920:31)
      at node_modules/react-dom/cjs/react-dom-client.development.js:7098:33
      at reconcileChildren (node_modules/react-dom/cjs/react-dom-client.development.js:9701:13)
      at beginWork (node_modules/react-dom/cjs/react-dom-client.development.js:12049:13)
      at runWithFiberInDEV (node_modules/react-dom/cjs/react-dom-client.development.js:874:13)
      at performUnitOfWork (node_modules/react-dom/cjs/react-dom-client.development.js:17641:22)
      at workLoopSync (node_modules/react-dom/cjs/react-dom-client.development.js:17469:41)
      at renderRootSync (node_modules/react-dom/cjs/react-dom-client.development.js:17450:11)
      at performWorkOnRoot (node_modules/react-dom/cjs/react-dom-client.development.js:16583:35)
      at performWorkOnRootViaSchedulerTask (node_modules/react-dom/cjs/react-dom-client.development.js:18957:7)
      at flushActQueue (node_modules/react/cjs/react.development.js:590:34)
      at Object.<anonymous>.process.env.NODE_ENV.exports.act (node_modules/react/cjs/react.development.js:884:10)
      at node_modules/@testing-library/react/dist/act-compat.js:46:25
      at renderRoot (node_modules/@testing-library/react/dist/pure.js:189:26)
      at render (node_modules/@testing-library/react/dist/pure.js:291:10)
      at Object.<anonymous> (src/App.test.jsx:10:15)

Test Suites: 1 failed, 1 total
Tests:       1 failed, 1 total
Snapshots:   0 total
Time:        4.04 s
Ran all test suites matching /App.test.jsx/i.
